Archive member included because of file (symbol)

c:/program files (x86)/atmel/atmel studio 6.0/extensions/atmel/avrgcc/3.3.2.31/avrtoolchain/bin/../lib/gcc/avr/4.5.1/avr5\libgcc.a(_exit.o)
                              c:/program files (x86)/atmel/atmel studio 6.0/extensions/atmel/avrgcc/3.3.2.31/avrtoolchain/bin/../lib/gcc/avr/4.5.1/../../../../avr/lib/avr5/crtm16.o (exit)
c:/program files (x86)/atmel/atmel studio 6.0/extensions/atmel/avrgcc/3.3.2.31/avrtoolchain/bin/../lib/gcc/avr/4.5.1/avr5\libgcc.a(_copy_data.o)
                              HAL/BTN/BTN.o (__do_copy_data)
c:/program files (x86)/atmel/atmel studio 6.0/extensions/atmel/avrgcc/3.3.2.31/avrtoolchain/bin/../lib/gcc/avr/4.5.1/avr5\libgcc.a(_clear_bss.o)
                              HAL/BTN/BTN.o (__do_clear_bss)

Memory Configuration

Name             Origin             Length             Attributes
text             0x00000000         0x00020000         xr
data             0x00800060         0x0000ffa0         rw !x
eeprom           0x00810000         0x00010000         rw !x
fuse             0x00820000         0x00000400         rw !x
lock             0x00830000         0x00000400         rw !x
signature        0x00840000         0x00000400         rw !x
*default*        0x00000000         0xffffffff

Linker script and memory map

LOAD c:/program files (x86)/atmel/atmel studio 6.0/extensions/atmel/avrgcc/3.3.2.31/avrtoolchain/bin/../lib/gcc/avr/4.5.1/../../../../avr/lib/avr5/crtm16.o
LOAD HAL/BTN/BTN.o
LOAD Stepper Motor controller.o
LOAD HAL/LED/LED.o
LOAD HAL/STEPPER/STEPPER.o
LOAD MCAL/DIO/DIO.o
LOAD MCAL/GPT/GPT.o
START GROUP
LOAD c:/program files (x86)/atmel/atmel studio 6.0/extensions/atmel/avrgcc/3.3.2.31/avrtoolchain/bin/../lib/gcc/avr/4.5.1/../../../../avr/lib/avr5\libm.a
END GROUP
LOAD c:/program files (x86)/atmel/atmel studio 6.0/extensions/atmel/avrgcc/3.3.2.31/avrtoolchain/bin/../lib/gcc/avr/4.5.1/avr5\libgcc.a
LOAD c:/program files (x86)/atmel/atmel studio 6.0/extensions/atmel/avrgcc/3.3.2.31/avrtoolchain/bin/../lib/gcc/avr/4.5.1/../../../../avr/lib/avr5\libc.a
LOAD c:/program files (x86)/atmel/atmel studio 6.0/extensions/atmel/avrgcc/3.3.2.31/avrtoolchain/bin/../lib/gcc/avr/4.5.1/avr5\libgcc.a

.hash
 *(.hash)

.dynsym
 *(.dynsym)

.dynstr
 *(.dynstr)

.gnu.version
 *(.gnu.version)

.gnu.version_d
 *(.gnu.version_d)

.gnu.version_r
 *(.gnu.version_r)

.rel.init
 *(.rel.init)

.rela.init
 *(.rela.init)

.rel.text
 *(.rel.text)
 *(.rel.text.*)
 *(.rel.gnu.linkonce.t*)

.rela.text
 *(.rela.text)
 *(.rela.text.*)
 *(.rela.gnu.linkonce.t*)

.rel.fini
 *(.rel.fini)

.rela.fini
 *(.rela.fini)

.rel.rodata
 *(.rel.rodata)
 *(.rel.rodata.*)
 *(.rel.gnu.linkonce.r*)

.rela.rodata
 *(.rela.rodata)
 *(.rela.rodata.*)
 *(.rela.gnu.linkonce.r*)

.rel.data
 *(.rel.data)
 *(.rel.data.*)
 *(.rel.gnu.linkonce.d*)

.rela.data
 *(.rela.data)
 *(.rela.data.*)
 *(.rela.gnu.linkonce.d*)

.rel.ctors
 *(.rel.ctors)

.rela.ctors
 *(.rela.ctors)

.rel.dtors
 *(.rel.dtors)

.rela.dtors
 *(.rela.dtors)

.rel.got
 *(.rel.got)

.rela.got
 *(.rela.got)

.rel.bss
 *(.rel.bss)

.rela.bss
 *(.rela.bss)

.rel.plt
 *(.rel.plt)

.rela.plt
 *(.rela.plt)

.text           0x00000000      0x932
 *(.vectors)
 .vectors       0x00000000       0x54 c:/program files (x86)/atmel/atmel studio 6.0/extensions/atmel/avrgcc/3.3.2.31/avrtoolchain/bin/../lib/gcc/avr/4.5.1/../../../../avr/lib/avr5/crtm16.o
                0x00000000                __vector_default
                0x00000000                __vectors
 *(.vectors)
 *(.progmem.gcc*)
 *(.progmem*)
                0x00000054                . = ALIGN (0x2)
                0x00000054                __trampolines_start = .
 *(.trampolines)
 .trampolines   0x00000054        0x0 linker stubs
 *(.trampolines*)
                0x00000054                __trampolines_end = .
 *(.jumptables)
 *(.jumptables*)
 *(.lowtext)
 *(.lowtext*)
                0x00000054                __ctors_start = .
 *(.ctors)
                0x00000054                __ctors_end = .
                0x00000054                __dtors_start = .
 *(.dtors)
                0x00000054                __dtors_end = .
 SORT(*)(.ctors)
 SORT(*)(.dtors)
 *(.init0)
 .init0         0x00000054        0x0 c:/program files (x86)/atmel/atmel studio 6.0/extensions/atmel/avrgcc/3.3.2.31/avrtoolchain/bin/../lib/gcc/avr/4.5.1/../../../../avr/lib/avr5/crtm16.o
                0x00000054                __init
 *(.init0)
 *(.init1)
 *(.init1)
 *(.init2)
 .init2         0x00000054        0xc c:/program files (x86)/atmel/atmel studio 6.0/extensions/atmel/avrgcc/3.3.2.31/avrtoolchain/bin/../lib/gcc/avr/4.5.1/../../../../avr/lib/avr5/crtm16.o
 *(.init2)
 *(.init3)
 *(.init3)
 *(.init4)
 .init4         0x00000060       0x16 c:/program files (x86)/atmel/atmel studio 6.0/extensions/atmel/avrgcc/3.3.2.31/avrtoolchain/bin/../lib/gcc/avr/4.5.1/avr5\libgcc.a(_copy_data.o)
                0x00000060                __do_copy_data
 .init4         0x00000076       0x10 c:/program files (x86)/atmel/atmel studio 6.0/extensions/atmel/avrgcc/3.3.2.31/avrtoolchain/bin/../lib/gcc/avr/4.5.1/avr5\libgcc.a(_clear_bss.o)
                0x00000076                __do_clear_bss
 *(.init4)
 *(.init5)
 *(.init5)
 *(.init6)
 *(.init6)
 *(.init7)
 *(.init7)
 *(.init8)
 *(.init8)
 *(.init9)
 .init9         0x00000086        0x8 c:/program files (x86)/atmel/atmel studio 6.0/extensions/atmel/avrgcc/3.3.2.31/avrtoolchain/bin/../lib/gcc/avr/4.5.1/../../../../avr/lib/avr5/crtm16.o
 *(.init9)
 *(.text)
 .text          0x0000008e        0x4 c:/program files (x86)/atmel/atmel studio 6.0/extensions/atmel/avrgcc/3.3.2.31/avrtoolchain/bin/../lib/gcc/avr/4.5.1/../../../../avr/lib/avr5/crtm16.o
                0x0000008e                __vector_1
                0x0000008e                __vector_12
                0x0000008e                __bad_interrupt
                0x0000008e                __vector_6
                0x0000008e                __vector_11
                0x0000008e                __vector_13
                0x0000008e                __vector_17
                0x0000008e                __vector_7
                0x0000008e                __vector_5
                0x0000008e                __vector_4
                0x0000008e                __vector_9
                0x0000008e                __vector_2
                0x0000008e                __vector_15
                0x0000008e                __vector_8
                0x0000008e                __vector_14
                0x0000008e                __vector_10
                0x0000008e                __vector_16
                0x0000008e                __vector_18
                0x0000008e                __vector_20
 .text          0x00000092       0xd8 HAL/BTN/BTN.o
                0x00000092                BTN_Init
                0x000000dc                BTN_GetBtnState
 .text          0x0000016a      0x214 Stepper Motor controller.o
                0x0000016a                STEP_Task
                0x00000172                LED_Task
                0x00000184                STEPPER_Direction
                0x000001c0                STEPPER_Mode
                0x000001fe                STEPPER_DN
                0x00000220                STEPPER_UP
                0x00000242                main
 .text          0x0000037e       0x8e HAL/LED/LED.o
                0x0000037e                LED_Init
                0x000003c8                LED_Set
                0x000003f6                LED_Toggle
 .text          0x0000040c      0x348 HAL/STEPPER/STEPPER.o
                0x0000040c                STEP_Init
                0x00000476                STEP_Mode
                0x00000496                STEP_Direction
                0x000004b6                FULL_STEP
                0x00000550                HALF_STEP
                0x0000067e                STEP_Rotate
 .text          0x00000754       0xfe MCAL/DIO/DIO.o
                0x00000754                DIO_vidWritePortDirection
                0x000007b6                DIO_vidWritePortData
                0x00000818                DIO_vidReadPortData
 .text          0x00000852       0xdc MCAL/GPT/GPT.o
                0x00000852                GPT_Timer250msInit
                0x00000872                GPT_TimerInit
                0x00000890                __vector_19
                0x000008de                __vector_3
 .text          0x0000092e        0x0 c:/program files (x86)/atmel/atmel studio 6.0/extensions/atmel/avrgcc/3.3.2.31/avrtoolchain/bin/../lib/gcc/avr/4.5.1/avr5\libgcc.a(_exit.o)
 .text          0x0000092e        0x0 c:/program files (x86)/atmel/atmel studio 6.0/extensions/atmel/avrgcc/3.3.2.31/avrtoolchain/bin/../lib/gcc/avr/4.5.1/avr5\libgcc.a(_copy_data.o)
 .text          0x0000092e        0x0 c:/program files (x86)/atmel/atmel studio 6.0/extensions/atmel/avrgcc/3.3.2.31/avrtoolchain/bin/../lib/gcc/avr/4.5.1/avr5\libgcc.a(_clear_bss.o)
                0x0000092e                . = ALIGN (0x2)
 *(.text.*)
 .text.libgcc   0x0000092e        0x0 c:/program files (x86)/atmel/atmel studio 6.0/extensions/atmel/avrgcc/3.3.2.31/avrtoolchain/bin/../lib/gcc/avr/4.5.1/avr5\libgcc.a(_exit.o)
 .text.libgcc   0x0000092e        0x0 c:/program files (x86)/atmel/atmel studio 6.0/extensions/atmel/avrgcc/3.3.2.31/avrtoolchain/bin/../lib/gcc/avr/4.5.1/avr5\libgcc.a(_copy_data.o)
 .text.libgcc   0x0000092e        0x0 c:/program files (x86)/atmel/atmel studio 6.0/extensions/atmel/avrgcc/3.3.2.31/avrtoolchain/bin/../lib/gcc/avr/4.5.1/avr5\libgcc.a(_clear_bss.o)
                0x0000092e                . = ALIGN (0x2)
 *(.fini9)
 .fini9         0x0000092e        0x0 c:/program files (x86)/atmel/atmel studio 6.0/extensions/atmel/avrgcc/3.3.2.31/avrtoolchain/bin/../lib/gcc/avr/4.5.1/avr5\libgcc.a(_exit.o)
                0x0000092e                _exit
                0x0000092e                exit
 *(.fini9)
 *(.fini8)
 *(.fini8)
 *(.fini7)
 *(.fini7)
 *(.fini6)
 *(.fini6)
 *(.fini5)
 *(.fini5)
 *(.fini4)
 *(.fini4)
 *(.fini3)
 *(.fini3)
 *(.fini2)
 *(.fini2)
 *(.fini1)
 *(.fini1)
 *(.fini0)
 .fini0         0x0000092e        0x4 c:/program files (x86)/atmel/atmel studio 6.0/extensions/atmel/avrgcc/3.3.2.31/avrtoolchain/bin/../lib/gcc/avr/4.5.1/avr5\libgcc.a(_exit.o)
 *(.fini0)
                0x00000932                _etext = .

.data           0x00800060       0x28 load address 0x00000932
                0x00800060                PROVIDE (__data_start, .)
 *(.data)
 .data          0x00800060        0x0 c:/program files (x86)/atmel/atmel studio 6.0/extensions/atmel/avrgcc/3.3.2.31/avrtoolchain/bin/../lib/gcc/avr/4.5.1/../../../../avr/lib/avr5/crtm16.o
 .data          0x00800060        0x8 HAL/BTN/BTN.o
 .data          0x00800068       0x12 Stepper Motor controller.o
                0x00800068                State
 .data          0x0080007a        0x8 HAL/LED/LED.o
 .data          0x00800082        0x5 HAL/STEPPER/STEPPER.o
 .data          0x00800087        0x0 MCAL/DIO/DIO.o
 .data          0x00800087        0x0 MCAL/GPT/GPT.o
 .data          0x00800087        0x0 c:/program files (x86)/atmel/atmel studio 6.0/extensions/atmel/avrgcc/3.3.2.31/avrtoolchain/bin/../lib/gcc/avr/4.5.1/avr5\libgcc.a(_exit.o)
 .data          0x00800087        0x0 c:/program files (x86)/atmel/atmel studio 6.0/extensions/atmel/avrgcc/3.3.2.31/avrtoolchain/bin/../lib/gcc/avr/4.5.1/avr5\libgcc.a(_copy_data.o)
 .data          0x00800087        0x0 c:/program files (x86)/atmel/atmel studio 6.0/extensions/atmel/avrgcc/3.3.2.31/avrtoolchain/bin/../lib/gcc/avr/4.5.1/avr5\libgcc.a(_clear_bss.o)
 *(.data*)
 *(.rodata)
 *(.rodata*)
 *(.gnu.linkonce.d*)
                0x00800088                . = ALIGN (0x2)
 *fill*         0x00800087        0x1 00
                0x00800088                _edata = .
                0x00800088                PROVIDE (__data_end, .)

.bss            0x00800088       0x10
                0x00800088                PROVIDE (__bss_start, .)
 *(.bss)
 .bss           0x00800088        0x0 c:/program files (x86)/atmel/atmel studio 6.0/extensions/atmel/avrgcc/3.3.2.31/avrtoolchain/bin/../lib/gcc/avr/4.5.1/../../../../avr/lib/avr5/crtm16.o
 .bss           0x00800088        0x4 HAL/BTN/BTN.o
 .bss           0x0080008c        0x0 Stepper Motor controller.o
 .bss           0x0080008c        0x4 HAL/LED/LED.o
 .bss           0x00800090        0x4 HAL/STEPPER/STEPPER.o
 .bss           0x00800094        0x0 MCAL/DIO/DIO.o
 .bss           0x00800094        0x4 MCAL/GPT/GPT.o
 .bss           0x00800098        0x0 c:/program files (x86)/atmel/atmel studio 6.0/extensions/atmel/avrgcc/3.3.2.31/avrtoolchain/bin/../lib/gcc/avr/4.5.1/avr5\libgcc.a(_exit.o)
 .bss           0x00800098        0x0 c:/program files (x86)/atmel/atmel studio 6.0/extensions/atmel/avrgcc/3.3.2.31/avrtoolchain/bin/../lib/gcc/avr/4.5.1/avr5\libgcc.a(_copy_data.o)
 .bss           0x00800098        0x0 c:/program files (x86)/atmel/atmel studio 6.0/extensions/atmel/avrgcc/3.3.2.31/avrtoolchain/bin/../lib/gcc/avr/4.5.1/avr5\libgcc.a(_clear_bss.o)
 *(.bss*)
 *(COMMON)
                0x00800098                PROVIDE (__bss_end, .)
                0x00000932                __data_load_start = LOADADDR (.data)
                0x0000095a                __data_load_end = (__data_load_start + SIZEOF (.data))

.noinit         0x00800098        0x0
                0x00800098                PROVIDE (__noinit_start, .)
 *(.noinit*)
                0x00800098                PROVIDE (__noinit_end, .)
                0x00800098                _end = .
                0x00800098                PROVIDE (__heap_start, .)

.eeprom         0x00810000        0x0
 *(.eeprom*)
                0x00810000                __eeprom_end = .

.fuse
 *(.fuse)
 *(.lfuse)
 *(.hfuse)
 *(.efuse)

.lock
 *(.lock*)

.signature
 *(.signature*)

.stab           0x00000000      0x6cc
 *(.stab)
 .stab          0x00000000      0x6cc c:/program files (x86)/atmel/atmel studio 6.0/extensions/atmel/avrgcc/3.3.2.31/avrtoolchain/bin/../lib/gcc/avr/4.5.1/../../../../avr/lib/avr5/crtm16.o

.stabstr        0x00000000       0x97
 *(.stabstr)
 .stabstr       0x00000000       0x97 c:/program files (x86)/atmel/atmel studio 6.0/extensions/atmel/avrgcc/3.3.2.31/avrtoolchain/bin/../lib/gcc/avr/4.5.1/../../../../avr/lib/avr5/crtm16.o

.stab.excl
 *(.stab.excl)

.stab.exclstr
 *(.stab.exclstr)

.stab.index
 *(.stab.index)

.stab.indexstr
 *(.stab.indexstr)

.comment
 *(.comment)

.debug
 *(.debug)

.line
 *(.line)

.debug_srcinfo
 *(.debug_srcinfo)

.debug_sfnames
 *(.debug_sfnames)

.debug_aranges  0x00000000       0xc0
 *(.debug_aranges)
 .debug_aranges
                0x00000000       0x20 HAL/BTN/BTN.o
 .debug_aranges
                0x00000020       0x20 Stepper Motor controller.o
 .debug_aranges
                0x00000040       0x20 HAL/LED/LED.o
 .debug_aranges
                0x00000060       0x20 HAL/STEPPER/STEPPER.o
 .debug_aranges
                0x00000080       0x20 MCAL/DIO/DIO.o
 .debug_aranges
                0x000000a0       0x20 MCAL/GPT/GPT.o

.debug_pubnames
                0x00000000      0x21a
 *(.debug_pubnames)
 .debug_pubnames
                0x00000000       0x33 HAL/BTN/BTN.o
 .debug_pubnames
                0x00000033       0x85 Stepper Motor controller.o
 .debug_pubnames
                0x000000b8       0x3a HAL/LED/LED.o
 .debug_pubnames
                0x000000f2       0x6d HAL/STEPPER/STEPPER.o
 .debug_pubnames
                0x0000015f       0x61 MCAL/DIO/DIO.o
 .debug_pubnames
                0x000001c0       0x5a MCAL/GPT/GPT.o

.debug_info     0x00000000      0xa1b
 *(.debug_info)
 .debug_info    0x00000000      0x1c0 HAL/BTN/BTN.o
 .debug_info    0x000001c0      0x225 Stepper Motor controller.o
 .debug_info    0x000003e5      0x16f HAL/LED/LED.o
 .debug_info    0x00000554      0x25d HAL/STEPPER/STEPPER.o
 .debug_info    0x000007b1      0x143 MCAL/DIO/DIO.o
 .debug_info    0x000008f4      0x127 MCAL/GPT/GPT.o
 *(.gnu.linkonce.wi.*)

.debug_abbrev   0x00000000      0x48e
 *(.debug_abbrev)
 .debug_abbrev  0x00000000      0x105 HAL/BTN/BTN.o
 .debug_abbrev  0x00000105       0xff Stepper Motor controller.o
 .debug_abbrev  0x00000204       0xa5 HAL/LED/LED.o
 .debug_abbrev  0x000002a9       0xd0 HAL/STEPPER/STEPPER.o
 .debug_abbrev  0x00000379       0x75 MCAL/DIO/DIO.o
 .debug_abbrev  0x000003ee       0xa0 MCAL/GPT/GPT.o

.debug_line     0x00000000      0xa8f
 *(.debug_line)
 .debug_line    0x00000000      0x10c HAL/BTN/BTN.o
 .debug_line    0x0000010c      0x26b Stepper Motor controller.o
 .debug_line    0x00000377       0xe2 HAL/LED/LED.o
 .debug_line    0x00000459      0x2b5 HAL/STEPPER/STEPPER.o
 .debug_line    0x0000070e      0x1c4 MCAL/DIO/DIO.o
 .debug_line    0x000008d2      0x1bd MCAL/GPT/GPT.o

.debug_frame    0x00000000      0x1f0
 *(.debug_frame)
 .debug_frame   0x00000000       0x30 HAL/BTN/BTN.o
 .debug_frame   0x00000030       0x80 Stepper Motor controller.o
 .debug_frame   0x000000b0       0x40 HAL/LED/LED.o
 .debug_frame   0x000000f0       0x70 HAL/STEPPER/STEPPER.o
 .debug_frame   0x00000160       0x40 MCAL/DIO/DIO.o
 .debug_frame   0x000001a0       0x50 MCAL/GPT/GPT.o

.debug_str      0x00000000      0x41a
 *(.debug_str)
 .debug_str     0x00000000       0xe9 HAL/BTN/BTN.o
                                 0xfc (size before relaxing)
 .debug_str     0x000000e9       0xac Stepper Motor controller.o
                                0x122 (size before relaxing)
 .debug_str     0x00000195       0x5b HAL/LED/LED.o
                                 0xcd (size before relaxing)
 .debug_str     0x000001f0       0xf4 HAL/STEPPER/STEPPER.o
                                0x15f (size before relaxing)
 .debug_str     0x000002e4       0xb6 MCAL/DIO/DIO.o
                                0x13e (size before relaxing)
 .debug_str     0x0000039a       0x80 MCAL/GPT/GPT.o
                                0x141 (size before relaxing)

.debug_loc      0x00000000      0x729
 *(.debug_loc)
 .debug_loc     0x00000000      0x14b HAL/BTN/BTN.o
 .debug_loc     0x0000014b       0xae Stepper Motor controller.o
 .debug_loc     0x000001f9      0x116 HAL/LED/LED.o
 .debug_loc     0x0000030f      0x224 HAL/STEPPER/STEPPER.o
 .debug_loc     0x00000533      0x1a8 MCAL/DIO/DIO.o
 .debug_loc     0x000006db       0x4e MCAL/GPT/GPT.o

.debug_macinfo
 *(.debug_macinfo)
OUTPUT(Stepper Motor controller.elf elf32-avr)
LOAD linker stubs

.debug_pubtypes
                0x00000000       0xc8
 .debug_pubtypes
                0x00000000       0x24 HAL/BTN/BTN.o
 .debug_pubtypes
                0x00000024       0x12 Stepper Motor controller.o
 .debug_pubtypes
                0x00000036       0x25 HAL/LED/LED.o
 .debug_pubtypes
                0x0000005b       0x26 HAL/STEPPER/STEPPER.o
 .debug_pubtypes
                0x00000081       0x1e MCAL/DIO/DIO.o
 .debug_pubtypes
                0x0000009f       0x29 MCAL/GPT/GPT.o
